// Jest Snapshot v1, https://goo.gl/fbAQLP

exports[`Filter Component Snapshot 1`] = `
ReactWrapper {
  "length": 1,
  Symbol(enzyme.__unrendered__): <Filter
    sortBy={[Function]}
/>,
  Symbol(enzyme.__renderer__): Object {
    "batchedUpdates": [Function],
    "getNode": [Function],
    "render": [Function],
    "simulateEvent": [Function],
    "unmount": [Function],
  },
  Symbol(enzyme.__root__): [Circular],
  Symbol(enzyme.__node__): Object {
    "instance": null,
    "key": undefined,
    "nodeType": "function",
    "props": Object {
      "sortBy": [Function],
    },
    "ref": null,
    "rendered": Object {
      "instance": <button
        id="filter"
        class="undefined undefined"
/>,
      "key": undefined,
      "nodeType": "host",
      "props": Object {
        "children": undefined,
        "className": "undefined undefined",
        "id": "filter",
        "onClick": [Function],
      },
      "ref": null,
      "rendered": Array [
        undefined,
      ],
      "type": "button",
    },
    "type": [Function],
  },
  Symbol(enzyme.__nodes__): Array [
    Object {
      "instance": null,
      "key": undefined,
      "nodeType": "function",
      "props": Object {
        "sortBy": [Function],
      },
      "ref": null,
      "rendered": Object {
        "instance": <button
          id="filter"
          class="undefined undefined"
/>,
        "key": undefined,
        "nodeType": "host",
        "props": Object {
          "children": undefined,
          "className": "undefined undefined",
          "id": "filter",
          "onClick": [Function],
        },
        "ref": null,
        "rendered": Array [
          undefined,
        ],
        "type": "button",
      },
      "type": [Function],
    },
  ],
  Symbol(enzyme.__options__): Object {
    "adapter": ReactSixteenAdapter {
      "options": Object {
        "enableComponentDidUpdateOnSetState": true,
      },
    },
  },
}
`;
