// Jest Snapshot v1, https://goo.gl/fbAQLP

exports[`App Component Snapshot 1`] = `
ShallowWrapper {
  "length": 1,
  Symbol(enzyme.__root__): [Circular],
  Symbol(enzyme.__unrendered__): <App />,
  Symbol(enzyme.__renderer__): Object {
    "batchedUpdates": [Function],
    "getNode": [Function],
    "render": [Function],
    "simulateEvent": [Function],
    "unmount": [Function],
  },
  Symbol(enzyme.__node__): Object {
    "instance": null,
    "key": undefined,
    "nodeType": "host",
    "props": Object {
      "children": <ErrorBoundary>
        <header
                className={undefined}
        >
                <h1>
                        <img
                                alt="wheel-icon"
                                className={undefined}
                                src="wheel-icon.svg"
                        />
                        Task Manager
                </h1>
        </header>
        <div
                className="container container_content"
        >
                <h5>
                        No task modules...
                </h5>
                <br />
        </div>
        <AddTaskModule
                addTaskModule={[Function]}
        />
</ErrorBoundary>,
      "className": "undefined container",
    },
    "ref": null,
    "rendered": Object {
      "instance": null,
      "key": undefined,
      "nodeType": "class",
      "props": Object {
        "children": Array [
          <header
            className={undefined}
>
            <h1>
                        <img
                                    alt="wheel-icon"
                                    className={undefined}
                                    src="wheel-icon.svg"
                        />
                        Task Manager
            </h1>
</header>,
          <div
            className="container container_content"
>
            <h5>
                        No task modules...
            </h5>
            <br />
</div>,
          <AddTaskModule
            addTaskModule={[Function]}
/>,
        ],
      },
      "ref": null,
      "rendered": Array [
        Object {
          "instance": null,
          "key": undefined,
          "nodeType": "host",
          "props": Object {
            "children": <h1>
              <img
                            alt="wheel-icon"
                            className={undefined}
                            src="wheel-icon.svg"
              />
              Task Manager
</h1>,
            "className": undefined,
          },
          "ref": null,
          "rendered": Object {
            "instance": null,
            "key": undefined,
            "nodeType": "host",
            "props": Object {
              "children": Array [
                <img
                  alt="wheel-icon"
                  className={undefined}
                  src="wheel-icon.svg"
/>,
                "Task Manager",
              ],
            },
            "ref": null,
            "rendered": Array [
              Object {
                "instance": null,
                "key": undefined,
                "nodeType": "host",
                "props": Object {
                  "alt": "wheel-icon",
                  "className": undefined,
                  "src": "wheel-icon.svg",
                },
                "ref": null,
                "rendered": null,
                "type": "img",
              },
              "Task Manager",
            ],
            "type": "h1",
          },
          "type": "header",
        },
        Object {
          "instance": null,
          "key": undefined,
          "nodeType": "host",
          "props": Object {
            "children": Array [
              <h5>
                No task modules...
</h5>,
              <br />,
            ],
            "className": "container container_content",
          },
          "ref": null,
          "rendered": Array [
            Object {
              "instance": null,
              "key": undefined,
              "nodeType": "host",
              "props": Object {
                "children": "No task modules...",
              },
              "ref": null,
              "rendered": "No task modules...",
              "type": "h5",
            },
            Object {
              "instance": null,
              "key": undefined,
              "nodeType": "host",
              "props": Object {},
              "ref": null,
              "rendered": null,
              "type": "br",
            },
          ],
          "type": "div",
        },
        Object {
          "instance": null,
          "key": undefined,
          "nodeType": "function",
          "props": Object {
            "addTaskModule": [Function],
          },
          "ref": null,
          "rendered": null,
          "type": [Function],
        },
      ],
      "type": [Function],
    },
    "type": "div",
  },
  Symbol(enzyme.__nodes__): Array [
    Object {
      "instance": null,
      "key": undefined,
      "nodeType": "host",
      "props": Object {
        "children": <ErrorBoundary>
          <header
                    className={undefined}
          >
                    <h1>
                              <img
                                        alt="wheel-icon"
                                        className={undefined}
                                        src="wheel-icon.svg"
                              />
                              Task Manager
                    </h1>
          </header>
          <div
                    className="container container_content"
          >
                    <h5>
                              No task modules...
                    </h5>
                    <br />
          </div>
          <AddTaskModule
                    addTaskModule={[Function]}
          />
</ErrorBoundary>,
        "className": "undefined container",
      },
      "ref": null,
      "rendered": Object {
        "instance": null,
        "key": undefined,
        "nodeType": "class",
        "props": Object {
          "children": Array [
            <header
              className={undefined}
>
              <h1>
                            <img
                                          alt="wheel-icon"
                                          className={undefined}
                                          src="wheel-icon.svg"
                            />
                            Task Manager
              </h1>
</header>,
            <div
              className="container container_content"
>
              <h5>
                            No task modules...
              </h5>
              <br />
</div>,
            <AddTaskModule
              addTaskModule={[Function]}
/>,
          ],
        },
        "ref": null,
        "rendered": Array [
          Object {
            "instance": null,
            "key": undefined,
            "nodeType": "host",
            "props": Object {
              "children": <h1>
                <img
                                alt="wheel-icon"
                                className={undefined}
                                src="wheel-icon.svg"
                />
                Task Manager
</h1>,
              "className": undefined,
            },
            "ref": null,
            "rendered": Object {
              "instance": null,
              "key": undefined,
              "nodeType": "host",
              "props": Object {
                "children": Array [
                  <img
                    alt="wheel-icon"
                    className={undefined}
                    src="wheel-icon.svg"
/>,
                  "Task Manager",
                ],
              },
              "ref": null,
              "rendered": Array [
                Object {
                  "instance": null,
                  "key": undefined,
                  "nodeType": "host",
                  "props": Object {
                    "alt": "wheel-icon",
                    "className": undefined,
                    "src": "wheel-icon.svg",
                  },
                  "ref": null,
                  "rendered": null,
                  "type": "img",
                },
                "Task Manager",
              ],
              "type": "h1",
            },
            "type": "header",
          },
          Object {
            "instance": null,
            "key": undefined,
            "nodeType": "host",
            "props": Object {
              "children": Array [
                <h5>
                  No task modules...
</h5>,
                <br />,
              ],
              "className": "container container_content",
            },
            "ref": null,
            "rendered": Array [
              Object {
                "instance": null,
                "key": undefined,
                "nodeType": "host",
                "props": Object {
                  "children": "No task modules...",
                },
                "ref": null,
                "rendered": "No task modules...",
                "type": "h5",
              },
              Object {
                "instance": null,
                "key": undefined,
                "nodeType": "host",
                "props": Object {},
                "ref": null,
                "rendered": null,
                "type": "br",
              },
            ],
            "type": "div",
          },
          Object {
            "instance": null,
            "key": undefined,
            "nodeType": "function",
            "props": Object {
              "addTaskModule": [Function],
            },
            "ref": null,
            "rendered": null,
            "type": [Function],
          },
        ],
        "type": [Function],
      },
      "type": "div",
    },
  ],
  Symbol(enzyme.__options__): Object {
    "adapter": ReactSixteenAdapter {
      "options": Object {
        "enableComponentDidUpdateOnSetState": true,
      },
    },
  },
}
`;
